// Jest Snapshot v1, https://goo.gl/fbAQLP

exports[`tesing <App /> button snapshot should match danger default button 1`] = `
<div
  className="mt-8 mx-auto sm:w-full md:w-3/4 lg:w-2/3 "
>
  <Button
    className="absolute pin-l pin-t mt-6 ml-2"
    danger={false}
    onClick={[Function]}
  >
    Talk to a real human
  </Button>
  <PersonaSwitcher
    changePersona={[Function]}
    currentPersona="Nisse"
  />
  <Posts
    currentPersona="Nisse"
  />
</div>
`;
