// Jest Snapshot v1, https://goo.gl/fbAQLP

exports[`testing create new post snapshots when match 1`] = `
<CreateNewPost
  author=""
  updatePosts={[Function]}
>
  <form
    className="container mx-auto flex flex-col p-6"
    onSubmit={[Function]}
  >
    <label
      className="mb-2"
      htmlFor="title"
    >
      Title
    </label>
    <input
      className="shadow rounded border mb-2 p-2"
      id="title"
      name="title"
      onChange={[Function]}
      type="text"
      value=""
    />
    <label
      className="mb-2"
      htmlFor="content"
    >
      Content 
    </label>
    <textarea
      className="shadow rounded border mb-2 p-2"
      id="content"
      name="content"
      onChange={[Function]}
      value=""
    />
    <input
      className="bg-indigo-dark hover:bg-indigo-darker text-white font-bold py-2 px-4 rounded-full"
      type="submit"
      value="Create"
    />
  </form>
</CreateNewPost>
`;
